CRITICAL - 2026-01-06 01:08:32 --> Error: Class "App\Controllers\ResponseInterface" not found
[Method: GET, Route: api/factura/types]
in APPPATH\Controllers\InvoiceController.php on line 143.
 1 SYSTEMPATH\CodeIgniter.php(933): App\Controllers\InvoiceController->getTypes()
 2 SYSTEMPATH\CodeIgniter.php(507): CodeIgniter\CodeIgniter->runController(Object(App\Controllers\InvoiceController))
 3 SYSTEMPATH\CodeIgniter.php(354): CodeIgniter\CodeIgniter->handleRequest(null, Object(Config\Cache), false)
 4 SYSTEMPATH\Boot.php(334): CodeIgniter\CodeIgniter->run()
 5 SYSTEMPATH\Boot.php(67): CodeIgniter\Boot::runCodeIgniter(Object(CodeIgniter\CodeIgniter))
 6 FCPATH\index.php(63): CodeIgniter\Boot::bootWeb(Object(Config\Paths))
 7 SYSTEMPATH\rewrite.php(44): require_once('C:\\xampp\\htdocs\\dietabackweb\\public\\index.php')
CRITICAL - 2026-01-06 01:14:51 --> Error: Class "App\Controllers\ResponseInterface" not found
[Method: GET, Route: api/factura/types]
in APPPATH\Controllers\InvoiceController.php on line 143.
 1 SYSTEMPATH\CodeIgniter.php(933): App\Controllers\InvoiceController->getTypes()
 2 SYSTEMPATH\CodeIgniter.php(507): CodeIgniter\CodeIgniter->runController(Object(App\Controllers\InvoiceController))
 3 SYSTEMPATH\CodeIgniter.php(354): CodeIgniter\CodeIgniter->handleRequest(null, Object(Config\Cache), false)
 4 SYSTEMPATH\Boot.php(334): CodeIgniter\CodeIgniter->run()
 5 SYSTEMPATH\Boot.php(67): CodeIgniter\Boot::runCodeIgniter(Object(CodeIgniter\CodeIgniter))
 6 FCPATH\index.php(63): CodeIgniter\Boot::bootWeb(Object(Config\Paths))
 7 SYSTEMPATH\rewrite.php(44): require_once('C:\\xampp\\htdocs\\dietabackweb\\public\\index.php')
CRITICAL - 2026-01-06 01:15:11 --> Error: Class "App\Controllers\ResponseInterface" not found
[Method: GET, Route: api/factura/types]
in APPPATH\Controllers\InvoiceController.php on line 143.
 1 SYSTEMPATH\CodeIgniter.php(933): App\Controllers\InvoiceController->getTypes()
 2 SYSTEMPATH\CodeIgniter.php(507): CodeIgniter\CodeIgniter->runController(Object(App\Controllers\InvoiceController))
 3 SYSTEMPATH\CodeIgniter.php(354): CodeIgniter\CodeIgniter->handleRequest(null, Object(Config\Cache), false)
 4 SYSTEMPATH\Boot.php(334): CodeIgniter\CodeIgniter->run()
 5 SYSTEMPATH\Boot.php(67): CodeIgniter\Boot::runCodeIgniter(Object(CodeIgniter\CodeIgniter))
 6 FCPATH\index.php(63): CodeIgniter\Boot::bootWeb(Object(Config\Paths))
 7 SYSTEMPATH\rewrite.php(44): require_once('C:\\xampp\\htdocs\\dietabackweb\\public\\index.php')
CRITICAL - 2026-01-06 01:15:47 --> Error: Class "App\Controllers\ResponseInterface" not found
[Method: GET, Route: api/factura/types]
in APPPATH\Controllers\InvoiceController.php on line 144.
 1 SYSTEMPATH\CodeIgniter.php(933): App\Controllers\InvoiceController->getTypes()
 2 SYSTEMPATH\CodeIgniter.php(507): CodeIgniter\CodeIgniter->runController(Object(App\Controllers\InvoiceController))
 3 SYSTEMPATH\CodeIgniter.php(354): CodeIgniter\CodeIgniter->handleRequest(null, Object(Config\Cache), false)
 4 SYSTEMPATH\Boot.php(334): CodeIgniter\CodeIgniter->run()
 5 SYSTEMPATH\Boot.php(67): CodeIgniter\Boot::runCodeIgniter(Object(CodeIgniter\CodeIgniter))
 6 FCPATH\index.php(63): CodeIgniter\Boot::bootWeb(Object(Config\Paths))
 7 SYSTEMPATH\rewrite.php(44): require_once('C:\\xampp\\htdocs\\dietabackweb\\public\\index.php')
CRITICAL - 2026-01-06 01:16:01 --> Error: Class "App\Controllers\ResponseInterface" not found
[Method: GET, Route: api/factura/types]
in APPPATH\Controllers\InvoiceController.php on line 144.
 1 SYSTEMPATH\CodeIgniter.php(933): App\Controllers\InvoiceController->getTypes()
 2 SYSTEMPATH\CodeIgniter.php(507): CodeIgniter\CodeIgniter->runController(Object(App\Controllers\InvoiceController))
 3 SYSTEMPATH\CodeIgniter.php(354): CodeIgniter\CodeIgniter->handleRequest(null, Object(Config\Cache), false)
 4 SYSTEMPATH\Boot.php(334): CodeIgniter\CodeIgniter->run()
 5 SYSTEMPATH\Boot.php(67): CodeIgniter\Boot::runCodeIgniter(Object(CodeIgniter\CodeIgniter))
 6 FCPATH\index.php(63): CodeIgniter\Boot::bootWeb(Object(Config\Paths))
 7 SYSTEMPATH\rewrite.php(44): require_once('C:\\xampp\\htdocs\\dietabackweb\\public\\index.php')
CRITICAL - 2026-01-06 01:18:14 --> ParseError: Unclosed '{' on line 10
[Method: GET, Route: api/factura/types]
in APPPATH\Controllers\InvoiceController.php on line 160.
 1 SYSTEMPATH\Autoloader\Autoloader.php(295): CodeIgniter\Autoloader\Autoloader->includeFile('C:\\xampp\\htdocs\\dietabackweb\\app\\Controllers\\InvoiceController.php')
 2 SYSTEMPATH\Autoloader\Autoloader.php(271): CodeIgniter\Autoloader\Autoloader->loadInNamespace('App\\Controllers\\InvoiceController')
 3 [internal function]: CodeIgniter\Autoloader\Autoloader->loadClass('App\\Controllers\\InvoiceController')
 4 SYSTEMPATH\CodeIgniter.php(885): class_exists('\\App\\Controllers\\InvoiceController', true)
 5 SYSTEMPATH\CodeIgniter.php(494): CodeIgniter\CodeIgniter->startController()
 6 SYSTEMPATH\CodeIgniter.php(354): CodeIgniter\CodeIgniter->handleRequest(null, Object(Config\Cache), false)
 7 SYSTEMPATH\Boot.php(334): CodeIgniter\CodeIgniter->run()
 8 SYSTEMPATH\Boot.php(67): CodeIgniter\Boot::runCodeIgniter(Object(CodeIgniter\CodeIgniter))
 9 FCPATH\index.php(63): CodeIgniter\Boot::bootWeb(Object(Config\Paths))
10 SYSTEMPATH\rewrite.php(44): require_once('C:\\xampp\\htdocs\\dietabackweb\\public\\index.php')
CRITICAL - 2026-01-06 01:43:02 --> ErrorException: Maximum execution time of 60 seconds exceeded
[Method: POST, Route: api/factura]
in VENDORPATH\guzzlehttp\guzzle\src\Handler\CurlHandler.php on line 45.
 1 [internal function]: CodeIgniter\Debug\Exceptions->shutdownHandler()
